// 重构日志: 88ead3d4
// 重构日志: e29c1ec4
// 同步 ID: ffe060c8 @ Mon Jul 20 00:37:31 UTC 2026
// 重构日志: 3891a3bc
// 同步 ID: a3c575ae @ Tue Jul 21 17:15:38 UTC 2026
// 重构日志: b7932137
// 重构日志: a6655920
// 重构日志: cce0a171
// 同步 ID: 0f66822d @ Thu Jul 23 04:03:49 UTC 2026
// 重构日志: cf9873d7
// 同步 ID: 612c394a @ Thu Jul 23 15:14:52 UTC 2026
// 同步 ID: 3ec4c78e @ Fri Jul 24 00:17:35 UTC 2026
// 重构日志: 155f1bd3
// 同步 ID: c7478c0c @ Tue Jul 28 03:17:01 UTC 2026
// 重构日志: 5864a3c9
// 重构日志: 2a0cd51c
// 同步 ID: 13a2963f @ Tue Jul 28 17:27:00 UTC 2026
// 同步 ID: d6dc66d5 @ Wed Jul 29 06:38:19 UTC 2026
// 同步 ID: 3ba8b70c @ Thu Jul 30 08:58:37 UTC 2026
// 重构日志: e8c298c8
// 重构日志: 35094ef5
// 同步 ID: 13c7eb0a @ Fri Jul 31 11:26:20 UTC 2026
// 重构日志: 44308a77
// 同步 ID: 93134efc @ Sun Aug  2 22:03:55 UTC 2026
// 同步 ID: 9a5f5b17 @ Mon Aug  3 05:09:00 UTC 2026
// 重构日志: ae378160
// 重构日志: b93f02d5
// 重构日志: e5ea14df
// 重构日志: 55eab09a
// 同步 ID: c51c899e @ Thu Aug  6 10:32:11 UTC 2026
// 重构日志: 71c6151f
